## v1.0.0 (2020-01-18)

### Features

- feat: new feature

### Bug Fixes

- fix: new fix
